// Vitest Snapshot v1, https://vitest.dev/guide/snapshot.html

exports[`Shop component > Renders correctly 1`] = `
<div>
  <nav
    class="_navbar_4b0a09"
  >
    <div
      class="_container_4b0a09"
    >
      <a
        class="_logo_4b0a09"
        href="/"
      >
        <span>
          the
        </span>
         EDIT
      </a>
      <ul
        class="_navigationList_4b0a09"
      >
        <li>
          <a
            class="_link_4b0a09"
            data-discover="true"
            href="/"
          >
            Home
          </a>
        </li>
        <li>
          <a
            class="_link_4b0a09 _active_4b0a09"
            data-discover="true"
            href="/shop"
          >
            Shop
          </a>
        </li>
        <li>
          <a
            class="_link_4b0a09"
            data-discover="true"
            href="/cart"
          >
            <img
              alt=""
              src="data:image/svg+xml,%3csvg%20xmlns='http://www.w3.org/2000/svg'%20viewBox='0%200%2024%2024'%3e%3cpath%20d='M17,18C15.89,18%2015,18.89%2015,20A2,2%200%200,0%2017,22A2,2%200%200,0%2019,20C19,18.89%2018.1,18%2017,18M1,2V4H3L6.6,11.59L5.24,14.04C5.09,14.32%205,14.65%205,15A2,2%200%200,0%207,17H19V15H7.42A0.25,0.25%200%200,1%207.17,14.75C7.17,14.7%207.18,14.66%207.2,14.63L8.1,13H15.55C16.3,13%2016.96,12.58%2017.3,11.97L20.88,5.5C20.95,5.34%2021,5.17%2021,5A1,1%200%200,0%2020,4H5.21L4.27,2M7,18C5.89,18%205,18.89%205,20A2,2%200%200,0%207,22A2,2%200%200,0%209,20C9,18.89%208.1,18%207,18Z'%20/%3e%3c/svg%3e"
            />
            Cart
          </a>
        </li>
      </ul>
      <button
        class="_toggleThemeBtn_4b0a09"
      >
        <img
          alt="activate dark theme"
          src="data:image/svg+xml,%3csvg%20xmlns='http://www.w3.org/2000/svg'%20viewBox='0%200%2024%2024'%3e%3cpath%20d='M2%2012A10%2010%200%200%200%2015%2021.54A10%2010%200%200%201%2015%202.46A10%2010%200%200%200%202%2012Z'%20/%3e%3c/svg%3e"
        />
      </button>
      <button
        class="_menuBtn_4b0a09"
      >
        <img
          alt="toggle menu"
          src="data:image/svg+xml,%3csvg%20xmlns='http://www.w3.org/2000/svg'%20viewBox='0%200%2024%2024'%3e%3cpath%20d='M3,6H21V8H3V6M3,11H21V13H3V11M3,16H21V18H3V16Z'%20/%3e%3c/svg%3e"
        />
      </button>
    </div>
  </nav>
  <main
    class="_main_412e14"
  >
    <div
      class="_container_83fc2a"
    >
      <div
        class="_heading_83fc2a"
      >
        <h1>
          The Collection
        </h1>
        <p>
          Timeless design and modern craftsmanship. Discover high-quality 
          <br />
          pieces for every occasion.
        </p>
      </div>
      <form
        class="_filters_83fc2a"
      >
        <div
          class="_searchBar_83fc2a"
        >
          <img
            alt="magnify-icon"
            src="data:image/svg+xml,%3csvg%20xmlns='http://www.w3.org/2000/svg'%20viewBox='0%200%2024%2024'%3e%3cpath%20d='M9.5,3A6.5,6.5%200%200,1%2016,9.5C16,11.11%2015.41,12.59%2014.44,13.73L14.71,14H15.5L20.5,19L19,20.5L14,15.5V14.71L13.73,14.44C12.59,15.41%2011.11,16%209.5,16A6.5,6.5%200%200,1%203,9.5A6.5,6.5%200%200,1%209.5,3M9.5,5C7,5%205,7%205,9.5C5,12%207,14%209.5,14C12,14%2014,12%2014,9.5C14,7%2012,5%209.5,5Z'%20/%3e%3c/svg%3e"
          />
          <input
            id="search"
            name="search"
            placeholder="Search for products..."
            type="search"
            value=""
          />
        </div>
        <div
          class="_btns_83fc2a"
        >
          <button
            class="_active_83fc2a"
            type="button"
          >
            All
          </button>
          <button
            class=""
            data-testid="category-btn"
            type="button"
          >
            men's clothing
          </button>
          <button
            class=""
            data-testid="category-btn"
            type="button"
          >
            jewelery
          </button>
          <button
            class=""
            data-testid="category-btn"
            type="button"
          >
            electronics
          </button>
        </div>
      </form>
      <section
        class="_products_83fc2a"
      >
        <div
          class="_product_182724"
          data-testid="product"
        >
          <a
            class="_link_182724"
            data-discover="true"
            href="/shop/Fjallraven-Foldsack-No.-1-Backpack,-Fits-15-Laptops-tech"
          >
            <img
              alt=""
            />
          </a>
          <div
            class="_description_182724"
          >
            <p>
              Fjallraven - Foldsack No. 1 Backpack, Fits 15 Laptops tech
            </p>
            <span>
              $
              22.4
            </span>
          </div>
          <form
            class="_addToCartForm_182724"
          >
            <div
              class="_quantity_182724"
            >
              <button
                class="_decrease_182724"
                type="button"
              >
                <span>
                  –
                </span>
              </button>
              <input
                id=""
                name=""
                type="number"
                value="1"
              />
              <button
                class="_increase_182724"
                type="button"
              >
                <span>
                  +
                </span>
              </button>
            </div>
            <button
              type="button"
            >
              <img
                alt=""
                src="data:image/svg+xml,%3csvg%20xmlns='http://www.w3.org/2000/svg'%20viewBox='0%200%2024%2024'%3e%3cpath%20d='M17,18C15.89,18%2015,18.89%2015,20A2,2%200%200,0%2017,22A2,2%200%200,0%2019,20C19,18.89%2018.1,18%2017,18M1,2V4H3L6.6,11.59L5.24,14.04C5.09,14.32%205,14.65%205,15A2,2%200%200,0%207,17H19V15H7.42A0.25,0.25%200%200,1%207.17,14.75C7.17,14.7%207.18,14.66%207.2,14.63L8.1,13H15.55C16.3,13%2016.96,12.58%2017.3,11.97L20.88,5.5C20.95,5.34%2021,5.17%2021,5A1,1%200%200,0%2020,4H5.21L4.27,2M7,18C5.89,18%205,18.89%205,20A2,2%200%200,0%207,22A2,2%200%200,0%209,20C9,18.89%208.1,18%207,18Z'%20/%3e%3c/svg%3e"
              />
               Add
            </button>
          </form>
        </div>
        <div
          class="_product_182724"
          data-testid="product"
        >
          <a
            class="_link_182724"
            data-discover="true"
            href="/shop/Solid-Gold-Petite-Micropave"
          >
            <img
              alt=""
            />
          </a>
          <div
            class="_description_182724"
          >
            <p>
              Solid Gold Petite Micropave
            </p>
            <span>
              $
              22.4
            </span>
          </div>
          <form
            class="_addToCartForm_182724"
          >
            <div
              class="_quantity_182724"
            >
              <button
                class="_decrease_182724"
                type="button"
              >
                <span>
                  –
                </span>
              </button>
              <input
                id=""
                name=""
                type="number"
                value="1"
              />
              <button
                class="_increase_182724"
                type="button"
              >
                <span>
                  +
                </span>
              </button>
            </div>
            <button
              type="button"
            >
              <img
                alt=""
                src="data:image/svg+xml,%3csvg%20xmlns='http://www.w3.org/2000/svg'%20viewBox='0%200%2024%2024'%3e%3cpath%20d='M17,18C15.89,18%2015,18.89%2015,20A2,2%200%200,0%2017,22A2,2%200%200,0%2019,20C19,18.89%2018.1,18%2017,18M1,2V4H3L6.6,11.59L5.24,14.04C5.09,14.32%205,14.65%205,15A2,2%200%200,0%207,17H19V15H7.42A0.25,0.25%200%200,1%207.17,14.75C7.17,14.7%207.18,14.66%207.2,14.63L8.1,13H15.55C16.3,13%2016.96,12.58%2017.3,11.97L20.88,5.5C20.95,5.34%2021,5.17%2021,5A1,1%200%200,0%2020,4H5.21L4.27,2M7,18C5.89,18%205,18.89%205,20A2,2%200%200,0%207,22A2,2%200%200,0%209,20C9,18.89%208.1,18%207,18Z'%20/%3e%3c/svg%3e"
              />
               Add
            </button>
          </form>
        </div>
        <div
          class="_product_182724"
          data-testid="product"
        >
          <a
            class="_link_182724"
            data-discover="true"
            href="/shop/WD-2TB-Elements-Portable-External-Hard-Drive-USB-3.0-tech"
          >
            <img
              alt=""
            />
          </a>
          <div
            class="_description_182724"
          >
            <p>
              WD 2TB Elements Portable External Hard Drive - USB 3.0 tech
            </p>
            <span>
              $
              22.4
            </span>
          </div>
          <form
            class="_addToCartForm_182724"
          >
            <div
              class="_quantity_182724"
            >
              <button
                class="_decrease_182724"
                type="button"
              >
                <span>
                  –
                </span>
              </button>
              <input
                id=""
                name=""
                type="number"
                value="1"
              />
              <button
                class="_increase_182724"
                type="button"
              >
                <span>
                  +
                </span>
              </button>
            </div>
            <button
              type="button"
            >
              <img
                alt=""
                src="data:image/svg+xml,%3csvg%20xmlns='http://www.w3.org/2000/svg'%20viewBox='0%200%2024%2024'%3e%3cpath%20d='M17,18C15.89,18%2015,18.89%2015,20A2,2%200%200,0%2017,22A2,2%200%200,0%2019,20C19,18.89%2018.1,18%2017,18M1,2V4H3L6.6,11.59L5.24,14.04C5.09,14.32%205,14.65%205,15A2,2%200%200,0%207,17H19V15H7.42A0.25,0.25%200%200,1%207.17,14.75C7.17,14.7%207.18,14.66%207.2,14.63L8.1,13H15.55C16.3,13%2016.96,12.58%2017.3,11.97L20.88,5.5C20.95,5.34%2021,5.17%2021,5A1,1%200%200,0%2020,4H5.21L4.27,2M7,18C5.89,18%205,18.89%205,20A2,2%200%200,0%207,22A2,2%200%200,0%209,20C9,18.89%208.1,18%207,18Z'%20/%3e%3c/svg%3e"
              />
               Add
            </button>
          </form>
        </div>
      </section>
    </div>
  </main>
</div>
`;
